// Jest Snapshot v1, https://goo.gl/fbAQLP

exports[`admin router inventory matches the recorded registration order 1`] = `
"GET /ai/provider-probe [anon#0]
GET /stats [anon#0]
GET /learning-connections [anon#0]
GET /analytics [anon#0]
GET /ai-analytics [anon#0]
GET /ai-tokens [anon#0]
GET /events [anon#0]
GET /ai-analytics/users [anon#0]
GET /activity [anon#0]
GET /audit [anon#0]
GET /users [anon#0]
PATCH /users/:id/status [middleware, middleware, middleware, handleValidationErrors, anon#4]
POST /users/:id/strikes [middleware, handleValidationErrors, anon#2]
GET /users/:id/strikes [middleware, handleValidationErrors, anon#2]
PATCH /users/:id/role [middleware, middleware, handleValidationErrors, anon#3]
GET /users/:id [anon#0]
POST /notifications [middleware, middleware, middleware, handleValidationErrors, anon#4]
POST /notifications/bulk [middleware, middleware, middleware, middleware, handleValidationErrors, anon#5]
POST /users/:id/points [middleware, middleware, middleware, handleValidationErrors, anon#4]
POST /users/:id/badge [anon#0]
POST /ai/quota/reset [anon#0]
GET /ai/companion/:userId [anon#0]
GET /ai/quota/:userId [anon#0]
GET /marketplace/listings [anon#0]
DELETE /marketplace/listings/:id [anon#0]
PATCH /marketplace/listings/:id [anon#0]
GET /marketplace/orders [anon#0]
PATCH /marketplace/orders/:id/dispute [anon#0]
GET /reports [anon#0]
PUT /reports/:id [middleware, handleValidationErrors, anon#2]
GET /appeals [anon#0]
PUT /marketplace/listings/:id/appeal [middleware, handleValidationErrors, anon#2]
GET /jobs/reports [anon#0]
PATCH /jobs/reports/:id [middleware, handleValidationErrors, anon#2]
GET /groups [anon#0]
PATCH /groups/:id [anon#0]
GET /messages [anon#0]
DELETE /messages/:id [anon#0]
GET /decks [anon#0]
DELETE /decks/:id [anon#0]
GET /offline/summary [anon#0]
GET /jobs/postings [anon#0]
PATCH /jobs/postings/:id [anon#0]
DELETE /jobs/postings/:id [anon#0]
GET /jobs/companies [anon#0]
PATCH /jobs/companies/:id/verification [anon#0]
PATCH /jobs/postings/:id/school-approval [anon#0]
USE / [adminErrorHandler]"
`;
