// Jest Snapshot v1, https://goo.gl/fbAQLP

exports[`marketplace router inventory matches the recorded post-split registration order 1`] = `
"GET /campuses [anon#0]
GET /listings [middleware, middleware, middleware, handleValidationErrors, anon#4]
GET /access [anon#0]
GET /listings/batch [anon#0]
GET /analytics/categories [anon#0]
GET /courses [anon#0]
GET /courses/:courseId/listings [anon#0]
GET /listings/:id [optionalAuthMiddleware, middleware, handleValidationErrors, anon#3]
POST /upload-image [authMiddleware, uploadBurstRateLimit, anon#2]
POST /listings [authMiddleware, middleware, middleware, middleware, middleware, middleware, middleware, middleware, middleware, middleware, middleware, middleware, middleware, handleValidationErrors, anon#14, anon#15]
PUT /listings/:id [authMiddleware, middleware, middleware, middleware, middleware, middleware, middleware, middleware, middleware, middleware, middleware, handleValidationErrors, anon#12]
DELETE /listings/:id [authMiddleware, middleware, handleValidationErrors, anon#3]
GET /listings/:id/full [optionalAuthMiddleware, middleware, handleValidationErrors, anon#3]
POST /listings/:id/boost [authMiddleware, anon#1]
POST /listings/:id/reports [authMiddleware, middleware, handleValidationErrors, anon#3]
POST /listings/:id/appeal [authMiddleware, middleware, handleValidationErrors, anon#3]
GET /listings/:id/reviews [middleware, handleValidationErrors, anon#2]
POST /listings/:id/reviews/:reviewId/helpful [authMiddleware, middleware, handleValidationErrors, anon#3]
DELETE /listings/:id/reviews/:reviewId/helpful [authMiddleware, middleware, handleValidationErrors, anon#3]
POST /listings/:id/reviews [authMiddleware, anon#1]
POST /question-banks/publish [authMiddleware, anon#1]
POST /listings/:id/question-bank/download [authMiddleware, middleware, handleValidationErrors, anon#3]
POST /question-banks/restore [authMiddleware, anon#1]
GET /listings/:id/question-bank/preview [optionalAuthMiddleware, middleware, handleValidationErrors, anon#3]
POST /listings/:id/question-bank/scores [authMiddleware, middleware, handleValidationErrors, anon#3]
GET /listings/:id/question-bank/leaderboard [optionalAuthMiddleware, middleware, handleValidationErrors, anon#3]
GET /question-banks/mine [authMiddleware, anon#1]
GET /question-banks/updates [authMiddleware, anon#1]
POST /question-banks/:id/update-content [authMiddleware, middleware, handleValidationErrors, anon#3]
POST /study-packs/publish [authMiddleware, anon#1]
POST /listings/:id/study-pack/download [authMiddleware, middleware, handleValidationErrors, anon#3]
POST /study-packs/restore [authMiddleware, anon#1]
GET /listings/:id/study-pack/preview [optionalAuthMiddleware, middleware, handleValidationErrors, anon#3]
GET /study-packs/mine [authMiddleware, anon#1]
GET /study-packs/updates [authMiddleware, anon#1]
POST /study-packs/:id/update-content [authMiddleware, middleware, handleValidationErrors, anon#3]
GET /purchases [authMiddleware, anon#1]
GET /cart [authMiddleware, anon#1]
POST /cart [authMiddleware, anon#1]
PATCH /cart/:listingId [authMiddleware, anon#1]
DELETE /cart/:listingId [authMiddleware, anon#1]
DELETE /cart [authMiddleware, anon#1]
GET /addresses [authMiddleware, anon#1]
POST /addresses [authMiddleware, anon#1]
PATCH /addresses/:id [authMiddleware, anon#1]
DELETE /addresses/:id [authMiddleware, anon#1]
GET /checkouts/:id [authMiddleware, anon#1]
POST /cart/checkout [authMiddleware, anon#1]
POST /listings/:id/buy-now [authMiddleware, anon#1]
POST /transactions [authMiddleware, anon#1]
GET /orders [authMiddleware, anon#1]
GET /orders/inquiry/:inquiryId [authMiddleware, anon#1]
GET /orders/:id [authMiddleware, anon#1]
PATCH /orders/:id [authMiddleware, anon#1, anon#2]
POST /orders/:id/payment-link [authMiddleware, anon#1, anon#2]
POST /orders/:id/payment-proof [authMiddleware, anon#1]
GET /payments/config [authMiddleware, anon#1]
GET /seller/payments [authMiddleware, anon#1]
POST /payments/:reference/verify [authMiddleware, anon#1]
POST /orders/:id/checkout [authMiddleware, anon#1]
GET /seller/payout-profile [authMiddleware, anon#1]
POST /seller/payout-profile [authMiddleware, anon#1]
GET /seller/banks [authMiddleware, anon#1]
POST /offers [authMiddleware, anon#1, anon#2]
GET /offers [authMiddleware, anon#1]
PUT /offers/:id [authMiddleware, anon#1]
GET /listings/:id/offers [authMiddleware, anon#1]
GET /listings/:id/offers-history [authMiddleware, anon#1]
GET /inquiries [authMiddleware, anon#1]
POST /inquiries [authMiddleware, anon#1]
PUT /inquiries/:id/status [authMiddleware, anon#1]
GET /inquiries/thread/:threadId [authMiddleware, anon#1]
GET /favorites [authMiddleware, anon#1]
POST /favorites [authMiddleware, anon#1]
DELETE /favorites/:listingId [authMiddleware, anon#1]
GET /favorites/:listingId/check [authMiddleware, anon#1]
POST /saved-searches [authMiddleware, anon#1]
GET /saved-searches [authMiddleware, anon#1]
DELETE /saved-searches/:id [authMiddleware, anon#1]
PATCH /saved-searches/:id [authMiddleware, anon#1]
GET /saved-searches/:id/matches [authMiddleware, anon#1]
GET /taxonomy [anon#0]
POST /classify [anon#0]
GET /categories/custom [anon#0]
POST /categories/custom [authMiddleware, anon#1]
GET /listings/:id/similar [middleware, handleValidationErrors, anon#2]
GET /my-listings [authMiddleware, anon#1]
GET /summary [authMiddleware, anon#1]
GET /stats [authMiddleware, anon#1]
PUT /listings/:id/status [authMiddleware, anon#1]
GET /sellers/:userId/profile [middleware, handleValidationErrors, anon#2]
PATCH /sellers/me/shop [authMiddleware, anon#1]
GET /shops [anon#0]
GET /analytics/seller [authMiddleware, anon#1]
GET /seller/buyers [authMiddleware, anon#1]
GET /coupons [authMiddleware, anon#1]
POST /coupons [authMiddleware, anon#1, anon#2]
POST /coupons/validate [authMiddleware, anon#1]
GET /seller/preferences [authMiddleware, anon#1]
PUT /seller/preferences [authMiddleware, anon#1]
GET /sellers/:userId/fulfillment [authMiddleware, anon#1]
GET /sellers/:userId/pickup-nudge [authMiddleware, anon#1]
POST /seller/campaigns [authMiddleware, anon#1]
POST /bundles [authMiddleware, anon#1]
GET /seller/onboarding [authMiddleware, anon#1]
POST /seller/onboarding/complete [authMiddleware, anon#1]"
`;
